<?xml version="1.0" encoding="utf-8"?><testsuites name="pytest tests"><testsuite name="pytest" errors="0" failures="0" skipped="0" tests="8" time="0.324" timestamp="2026-08-02T19:41:59.493602+01:00" hostname="jesi"><testcase classname="test_exploit" name="test_preflight_fixes_service" time="0.005" /><testcase classname="test_exploit" name="test_foothold_injection_not_available" time="0.002" /><testcase classname="test_exploit" name="test_partial_failure_ssh_connection_fails" time="0.003" /><testcase classname="test_exploit" name="test_repeated_cleanup_idempotent" time="0.004" /><testcase classname="test_exploit" name="test_cleanup_handles_no_ssh" time="0.002" /><testcase classname="test_exploit" name="test_cleanup_already_clean" time="0.005" /><testcase classname="test_exploit" name="test_full_chain_success" time="0.003" /><testcase classname="test_exploit" name="test_main_handles_partial_failure" time="0.002" /></testsuite></testsuites>